// Jest Snapshot v1, https://goo.gl/fbAQLP

exports[`Demo demo 1`] = `
<DocumentFragment>
  <div
    class="demo"
  >
    2gdg
    <span
      class="child"
    >
      22
    </span>
  </div>
</DocumentFragment>
`;
